{"error":"404","level":"error","message":"","timestamp":"2013-10-27T09:45:01.451Z"}
{"error":"404","level":"error","message":"","timestamp":"2013-10-27T09:45:02.447Z"}
{"error":"404","level":"error","message":"","timestamp":"2013-10-27T09:45:03.448Z"}
{"error":"404","level":"error","message":"","timestamp":"2013-10-27T09:45:05.538Z"}
{"error":"404","level":"error","message":"","timestamp":"2013-10-27T09:45:06.535Z"}
{"error":"404","level":"error","message":"","timestamp":"2013-10-27T09:45:07.536Z"}
{"error":"404","level":"error","message":"","timestamp":"2013-10-27T09:45:08.538Z"}
{"error":"404","level":"error","message":"","timestamp":"2013-10-27T09:45:19.787Z"}
{"error":"404","level":"error","message":"","timestamp":"2013-10-27T09:45:20.784Z"}
{"error":"404","level":"error","message":"","timestamp":"2013-10-27T09:45:21.785Z"}
{"error":"404","level":"error","message":"","timestamp":"2013-10-27T09:45:22.786Z"}
{"error":"404","level":"error","message":"","timestamp":"2013-10-27T09:45:23.788Z"}
{"error":"404","level":"error","message":"","timestamp":"2013-10-27T09:45:24.790Z"}
{"error":"404","level":"error","message":"","timestamp":"2013-10-27T09:45:25.791Z"}
{"error":"404","level":"error","message":"","timestamp":"2013-10-27T09:45:26.793Z"}
{"error":"404","level":"error","message":"","timestamp":"2013-10-27T09:45:27.795Z"}
{"error":"404","level":"error","message":"","timestamp":"2013-10-27T09:45:28.796Z"}
{"error":"404","level":"error","message":"","timestamp":"2013-10-27T09:45:29.797Z"}
{"error":"404","level":"error","message":"","timestamp":"2013-10-27T09:45:30.798Z"}
{"error":"404","level":"error","message":"","timestamp":"2013-10-27T09:45:31.799Z"}
{"error":"404","level":"error","message":"","timestamp":"2013-10-27T09:45:32.800Z"}
{"error":"404","level":"error","message":"","timestamp":"2013-10-27T09:45:33.802Z"}
{"error":"404","level":"error","message":"","timestamp":"2013-10-27T09:46:48.211Z"}
{"error":"404","level":"error","message":"","timestamp":"2013-10-27T09:46:49.208Z"}
{"error":"404","level":"error","message":"","timestamp":"2013-10-27T09:46:50.207Z"}
{"error":"404","level":"error","message":"","timestamp":"2013-10-27T09:46:51.209Z"}
{"error":"404","level":"error","message":"","timestamp":"2013-10-27T09:46:52.210Z"}
{"error":"404","level":"error","message":"","timestamp":"2013-10-27T09:46:53.211Z"}
{"error":"404","level":"error","message":"","timestamp":"2013-10-27T09:46:54.213Z"}
{"error":"404","level":"error","message":"","timestamp":"2013-10-27T09:46:55.214Z"}
{"error":"404","level":"error","message":"","timestamp":"2013-10-27T09:46:56.215Z"}
{"error":"404","level":"error","message":"","timestamp":"2013-10-27T09:46:57.216Z"}
{"error":"404","level":"error","message":"","timestamp":"2013-10-27T09:46:58.219Z"}
{"error":"404","level":"error","message":"","timestamp":"2013-10-27T09:46:59.220Z"}
{"error":"404","level":"error","message":"","timestamp":"2013-10-27T09:47:00.221Z"}
{"error":"404","level":"error","message":"","timestamp":"2013-10-27T09:47:01.222Z"}
{"error":"404","level":"error","message":"","timestamp":"2013-10-27T09:47:02.223Z"}
{"error":"404","level":"error","message":"","timestamp":"2013-10-27T09:47:03.224Z"}
{"error":"404","level":"error","message":"","timestamp":"2013-10-27T09:47:04.225Z"}
{"error":"404","level":"error","message":"","timestamp":"2013-10-27T09:47:05.227Z"}
{"error":"404","level":"error","message":"","timestamp":"2013-10-27T09:47:06.228Z"}
{"error":"404","level":"error","message":"","timestamp":"2013-10-27T09:47:07.229Z"}
{"error":"404","level":"error","message":"","timestamp":"2013-10-27T09:47:08.230Z"}
{"error":"404","level":"error","message":"","timestamp":"2013-10-27T09:47:09.232Z"}
{"error":"404","level":"error","message":"","timestamp":"2013-10-27T09:47:10.233Z"}
{"error":"404","level":"error","message":"","timestamp":"2013-10-27T09:47:11.234Z"}
{"error":"404","level":"error","message":"","timestamp":"2013-10-27T09:47:12.236Z"}
{"error":"404","level":"error","message":"","timestamp":"2013-10-27T09:47:13.236Z"}
{"error":"404","level":"error","message":"","timestamp":"2013-10-27T09:47:14.237Z"}
{"error":"404","level":"error","message":"","timestamp":"2013-10-27T09:47:15.237Z"}
{"error":"404","level":"error","message":"","timestamp":"2013-10-27T09:47:16.238Z"}
{"error":"404","level":"error","message":"","timestamp":"2013-10-27T09:47:17.239Z"}
{"error":"404","level":"error","message":"","timestamp":"2013-10-27T09:47:18.239Z"}
{"error":"404","level":"error","message":"","timestamp":"2013-10-27T09:47:19.241Z"}
{"error":"404","level":"error","message":"","timestamp":"2013-10-27T09:47:20.242Z"}
{"error":"404","level":"error","message":"","timestamp":"2013-10-27T09:47:21.243Z"}
{"error":"404","level":"error","message":"","timestamp":"2013-10-27T09:47:22.244Z"}
{"error":"404","level":"error","message":"","timestamp":"2013-10-27T09:47:23.246Z"}
{"error":"404","level":"error","message":"","timestamp":"2013-10-27T09:47:24.247Z"}
{"error":"404","level":"error","message":"","timestamp":"2013-10-27T09:47:25.249Z"}
{"error":"404","level":"error","message":"","timestamp":"2013-10-27T09:47:26.252Z"}
{"error":"404","level":"error","message":"","timestamp":"2013-10-27T09:47:27.252Z"}
{"error":"404","level":"error","message":"","timestamp":"2013-10-27T09:47:28.253Z"}
{"error":"404","level":"error","message":"","timestamp":"2013-10-27T09:47:29.255Z"}
{"error":"404","level":"error","message":"","timestamp":"2013-10-27T09:47:30.262Z"}
{"error":"404","level":"error","message":"","timestamp":"2013-10-27T09:47:31.258Z"}
{"error":"404","level":"error","message":"","timestamp":"2013-10-27T09:47:33.534Z"}
{"error":"404","level":"error","message":"","timestamp":"2013-10-27T09:47:34.531Z"}
{"error":"404","level":"error","message":"","timestamp":"2013-10-27T09:47:35.532Z"}
{"error":"404","level":"error","message":"","timestamp":"2013-10-27T09:47:36.533Z"}
{"error":"404","level":"error","message":"","timestamp":"2013-10-27T09:47:37.534Z"}
{"error":"404","level":"error","message":"","timestamp":"2013-10-27T09:47:38.536Z"}
{"error":"404","level":"error","message":"","timestamp":"2013-10-27T09:47:39.537Z"}
